 "GAGE No.   14:  K,I,J Coord. =     1,  216,  169;  STREAM SEGMENT =   215;  REACH =     1 "
     "DATA: Time           Stage           Depth         GW-Head    Midpt-Flow       Stream-Loss        GW-Rech.  Chnge-UZ-Stor.   Vol.-UZ-Stor."
     7.3100000E+02   2.7800241E+02   0.0000000E+00   2.6388312E+02   8.5980264E+03   1.7197057E+04   0.0000000E+00   0.0000000E+00   0.0000000E+00
     7.3200000E+02   2.7800238E+02   0.0000000E+00   2.6385336E+02   8.5473184E+03   1.7095627E+04   0.0000000E+00   0.0000000E+00   0.0000000E+00
     7.3300000E+02   2.7800241E+02   0.0000000E+00   2.6382785E+02   8.5756582E+03   1.7152295E+04   0.0000000E+00   0.0000000E+00   0.0000000E+00
     7.3400000E+02   2.7800241E+02   0.0000000E+00   2.6380499E+02   8.6535693E+03   1.7308105E+04   0.0000000E+00   0.0000000E+00   0.0000000E+00
     7.3500000E+02   2.7800241E+02   0.0000000E+00   2.6377319E+02   8.6128203E+03   1.7226596E+04   0.0000000E+00   0.0000000E+00   0.0000000E+00
     7.3600000E+02   2.7800238E+02   0.0000000E+00   2.6374182E+02   8.5629941E+03   1.7126932E+04   0.0000000E+00   0.0000000E+00   0.0000000E+00
     7.3700000E+02   2.7800238E+02   0.0000000E+00   2.6371234E+02   8.5521523E+03   1.7105236E+04   0.0000000E+00   0.0000000E+00   0.0000000E+00
     7.3800000E+02   2.7800238E+02   0.0000000E+00   2.6368417E+02   8.4989297E+03   1.6998781E+04   0.0000000E+00   0.0000000E+00   0.0000000E+00
     7.3900000E+02   2.7800238E+02   0.0000000E+00   2.6366248E+02   8.4365479E+03   1.6874006E+04   0.0000000E+00   0.0000000E+00   0.0000000E+00
     7.4000000E+02   2.7800238E+02   0.0000000E+00   2.6362848E+02   8.3842578E+03   1.6769414E+04   0.0000000E+00   0.0000000E+00   0.0000000E+00
     7.4100000E+02   2.7800235E+02   0.0000000E+00   2.6359363E+02   8.3249756E+03   1.6650840E+04   0.0000000E+00   0.0000000E+00   0.0000000E+00
     7.4200000E+02   2.7800235E+02   0.0000000E+00   2.6356406E+02   8.3423301E+03   1.6685539E+04   0.0000000E+00   0.0000000E+00   0.0000000E+00
     7.4300000E+02   2.7800235E+02   0.0000000E+00   2.6353207E+02   8.3136123E+03   1.6628092E+04   0.0000000E+00   0.0000000E+00   0.0000000E+00
     7.4400000E+02   2.7800235E+02   0.0000000E+00   2.6349979E+02   8.2728135E+03   1.6546484E+04   0.0000000E+00   0.0000000E+00   0.0000000E+00
     7.4500000E+02   2.7800235E+02   0.0000000E+00   2.6346982E+02   8.2799277E+03   1.6560703E+04   0.0000000E+00   0.0000000E+00   0.0000000E+00
     7.4600000E+02   2.7800235E+02   0.0000000E+00   2.6344141E+02   8.3001230E+03   1.6601082E+04   0.0000000E+00   0.0000000E+00   0.0000000E+00
     7.4700000E+02   2.7800247E+02   0.0000000E+00   2.6345810E+02   9.0879160E+03   1.8193988E+04   0.0000000E+00   0.0000000E+00   0.0000000E+00
     7.4800000E+02   2.7800238E+02   0.0000000E+00   2.6344547E+02   8.4750576E+03   1.6952562E+04   0.0000000E+00   0.0000000E+00   0.0000000E+00
     7.4900000E+02   2.7800235E+02   0.0000000E+00   2.6337952E+02   8.3081729E+03   1.6618549E+04   0.0000000E+00   0.0000000E+00   0.0000000E+00
     7.5000000E+02   2.7800235E+02   0.0000000E+00   2.6334344E+02   8.2583623E+03   1.6518873E+04   0.0000000E+00   0.0000000E+00   0.0000000E+00
     7.5100000E+02   2.7800235E+02   0.0000000E+00   2.6331580E+02   8.2606162E+03   1.6523346E+04   0.0000000E+00   0.0000000E+00   0.0000000E+00
     7.5200000E+02   2.7800238E+02   0.0000000E+00   2.6330167E+02   8.5114199E+03   1.7028299E+04   0.0000000E+00   0.0000000E+00   0.0000000E+00
     7.5300000E+02   2.7800244E+02   0.0000000E+00   2.6329996E+02   8.8850020E+03   1.7784801E+04   0.0000000E+00   0.0000000E+00   0.0000000E+00
     7.5400000E+02   2.7800317E+02   0.0000000E+00   2.6356766E+02   1.3641979E+04   2.7791564E+04   0.0000000E+00   0.0000000E+00   0.0000000E+00
     7.5500000E+02   2.7800259E+02   0.0000000E+00   2.6338763E+02   9.6742471E+03   1.9410531E+04   0.0000000E+00   0.0000000E+00   0.0000000E+00
     7.5600000E+02   2.7800244E+02   0.0000000E+00   2.6329272E+02   8.7315088E+03   1.7513072E+04   0.0000000E+00   0.0000000E+00   0.0000000E+00
     7.5700000E+02   2.7800238E+02   0.0000000E+00   2.6323874E+02   8.4904814E+03   1.7024449E+04   0.0000000E+00   0.0000000E+00   0.0000000E+00
     7.5800000E+02   2.7800235E+02   0.0000000E+00   2.6319867E+02   8.3312256E+03   1.6700900E+04   0.0000000E+00   0.0000000E+00   0.0000000E+00
     7.5900000E+02   2.7800247E+02   0.0000000E+00   2.6321118E+02   8.9973896E+03   1.8055719E+04   0.0000000E+00   0.0000000E+00   0.0000000E+00
     7.6000000E+02   2.7800250E+02   0.0000000E+00   2.6321255E+02   9.1632471E+03   1.8393396E+04   0.0000000E+00   0.0000000E+00   0.0000000E+00
     7.6100000E+02   2.7800238E+02   0.0000000E+00   2.6316522E+02   8.4573467E+03   1.6956121E+04   0.0000000E+00   0.0000000E+00   0.0000000E+00
     7.6200000E+02   2.7800235E+02   0.0000000E+00   2.6313864E+02   8.2661172E+03   1.6568742E+04   0.0000000E+00   0.0000000E+00   0.0000000E+00
     7.6300000E+02   2.7800232E+02   0.0000000E+00   2.6312393E+02   8.1855312E+03   1.6403830E+04   0.0000000E+00   0.0000000E+00   0.0000000E+00
     7.6400000E+02   2.7800232E+02   0.0000000E+00   2.6311624E+02   8.1336382E+03   1.6296688E+04   0.0000000E+00   0.0000000E+00   0.0000000E+00
     7.6500000E+02   2.7800232E+02   0.0000000E+00   2.6311215E+02   8.0980747E+03   1.6222838E+04   0.0000000E+00   0.0000000E+00   0.0000000E+00
     7.6600000E+02   2.7800232E+02   0.0000000E+00   2.6311429E+02   8.0810503E+03   1.6186515E+04   0.0000000E+00   0.0000000E+00   0.0000000E+00
     7.6700000E+02   2.7800238E+02   0.0000000E+00   2.6314832E+02   8.5461621E+03   1.7131242E+04   0.0000000E+00   0.0000000E+00   0.0000000E+00
     7.6800000E+02   2.7800278E+02   0.0000000E+00   2.6329980E+02   1.0822438E+04   2.1879748E+04   0.0000000E+00   0.0000000E+00   0.0000000E+00
     7.6900000E+02   2.7800244E+02   0.0000000E+00   2.6323227E+02   8.8348018E+03   1.7728479E+04   0.0000000E+00   0.0000000E+00   0.0000000E+00
     7.7000000E+02   2.7800241E+02   0.0000000E+00   2.6322412E+02   8.6254189E+03   1.7311961E+04   0.0000000E+00   0.0000000E+00   0.0000000E+00
     7.7100000E+02   2.7800235E+02   0.0000000E+00   2.6321628E+02   8.2679346E+03   1.6582650E+04   0.0000000E+00   0.0000000E+00   0.0000000E+00
     7.7200000E+02   2.7800232E+02   0.0000000E+00   2.6321756E+02   8.1800376E+03   1.6400988E+04   0.0000000E+00   0.0000000E+00   0.0000000E+00
     7.7300000E+02   2.7800232E+02   0.0000000E+00   2.6322501E+02   8.0964995E+03   1.6229549E+04   0.0000000E+00   0.0000000E+00   0.0000000E+00
     7.7400000E+02   2.7800232E+02   0.0000000E+00   2.6323706E+02   8.0410601E+03   1.6114925E+04   0.0000000E+00   0.0000000E+00   0.0000000E+00
     7.7500000E+02   2.7800229E+02   0.0000000E+00   2.6325183E+02   7.9740879E+03   1.5977613E+04   0.0000000E+00   0.0000000E+00   0.0000000E+00
     7.7600000E+02   2.7800229E+02   0.0000000E+00   2.6327289E+02   7.9550728E+03   1.5936853E+04   0.0000000E+00   0.0000000E+00   0.0000000E+00
     7.7700000E+02   2.7800229E+02   0.0000000E+00   2.6329114E+02   7.9678716E+03   1.5960169E+04   0.0000000E+00   0.0000000E+00   0.0000000E+00
     7.7800000E+02   2.7800229E+02   0.0000000E+00   2.6331165E+02   7.9768086E+03   1.5975961E+04   0.0000000E+00   0.0000000E+00   0.0000000E+00
     7.7900000E+02   2.7800229E+02   0.0000000E+00   2.6333316E+02   7.9634468E+03   1.5947334E+04   0.0000000E+00   0.0000000E+00   0.0000000E+00
     7.8000000E+02   2.7800287E+02   0.0000000E+00   2.6356396E+02   1.1393537E+04   2.3104781E+04   0.0000000E+00   0.0000000E+00   0.0000000E+00
     7.8100000E+02   2.7800394E+02   0.0000000E+00   2.6430249E+02   1.9107504E+04   3.9719887E+04   0.0000000E+00   0.0000000E+00   0.0000000E+00
     7.8200000E+02   2.7800308E+02   0.0000000E+00   2.6469107E+02   1.3006180E+04   2.6434529E+04   0.0000000E+00   0.0000000E+00   0.0000000E+00
     7.8300000E+02   2.7800284E+02   0.0000000E+00   2.6692377E+02   1.1184016E+04   2.2733242E+04   0.0000000E+00   0.0000000E+00   0.0000000E+00
     7.8400000E+02   2.7817834E+02   1.7834999E-01   2.7721988E+02   1.8766305E+06   3.1321294E+05   0.0000000E+00   0.0000000E+00   0.0000000E+00
     7.8500000E+02   2.7815482E+02   1.5482441E-01   2.7760120E+02   1.4828316E+06   1.8091675E+05   0.0000000E+00   0.0000000E+00   0.0000000E+00
     7.8600000E+02   2.7808429E+02   8.4294617E-02   2.7751782E+02   5.3642719E+05   1.8511564E+05   0.0000000E+00   0.0000000E+00   0.0000000E+00
     7.8700000E+02   2.7808054E+02   8.0530360E-02   2.7748224E+02   4.9707747E+05   1.9550759E+05   0.0000000E+00   0.0000000E+00   0.0000000E+00
     7.8800000E+02   2.7818304E+02   1.8303435E-01   2.7770370E+02   1.9602212E+06   1.5663609E+05   0.0000000E+00   0.0000000E+00   0.0000000E+00
     7.8900000E+02   2.7818469E+02   1.8467987E-01   2.7774811E+02   1.9897762E+06   1.4266391E+05   0.0000000E+00   0.0000000E+00   0.0000000E+00
     7.9000000E+02   2.7810727E+02   1.0727572E-01   2.7764008E+02   8.0453350E+05   1.5266962E+05   0.0000000E+00   0.0000000E+00   0.0000000E+00
     7.9100000E+02   2.7808209E+02   8.2081817E-02   2.7752933E+02   5.1239847E+05   1.8063192E+05   0.0000000E+00   0.0000000E+00   0.0000000E+00
     7.9200000E+02   2.7806900E+02   6.9002002E-02   2.7744189E+02   3.8410528E+05   2.0492494E+05   0.0000000E+00   0.0000000E+00   0.0000000E+00
     7.9300000E+02   2.7805722E+02   5.7213031E-02   2.7732327E+02   2.8037559E+05   2.3983572E+05   0.0000000E+00   0.0000000E+00   0.0000000E+00
     7.9400000E+02   2.7804523E+02   4.5229644E-02   2.7716489E+02   1.8629462E+05   2.8768397E+05   0.0000000E+00   0.0000000E+00   0.0000000E+00
     7.9500000E+02   2.7801236E+02   0.0000000E+00   2.7660611E+02   1.2912794E+05   2.5831738E+05   0.0000000E+00   0.0000000E+00   0.0000000E+00
     7.9600000E+02   2.7804175E+02   4.1747458E-02   2.7705826E+02   1.7072147E+05   3.2138750E+05   0.0000000E+00   0.0000000E+00   0.0000000E+00
     7.9700000E+02   2.7804605E+02   4.6058748E-02   2.7713126E+02   1.9184172E+05   2.9894138E+05   0.0000000E+00   0.0000000E+00   0.0000000E+00
     7.9800000E+02   2.7801343E+02   0.0000000E+00   2.7699121E+02   1.5043941E+05   3.0098234E+05   0.0000000E+00   0.0000000E+00   0.0000000E+00
     7.9900000E+02   2.7810019E+02   1.0019488E-01   2.7748102E+02   7.1737469E+05   2.0233608E+05   0.0000000E+00   0.0000000E+00   0.0000000E+00
     8.0000000E+02   2.7807462E+02   7.4630499E-02   2.7744998E+02   4.3762438E+05   2.0412525E+05   0.0000000E+00   0.0000000E+00   0.0000000E+00
     8.0100000E+02   2.7807080E+02   7.0807822E-02   2.7742523E+02   4.0093866E+05   2.1096300E+05   0.0000000E+00   0.0000000E+00   0.0000000E+00
     8.0200000E+02   2.7806619E+02   6.6207819E-02   2.7739737E+02   3.5645412E+05   2.1856298E+05   0.0000000E+00   0.0000000E+00   0.0000000E+00
     8.0300000E+02   2.7806079E+02   6.0801569E-02   2.7734076E+02   3.0980716E+05   2.3529877E+05   0.0000000E+00   0.0000000E+00   0.0000000E+00
     8.0400000E+02   2.7805566E+02   5.5678245E-02   2.7727023E+02   2.6734328E+05   2.5667420E+05   0.0000000E+00   0.0000000E+00   0.0000000E+00
     8.0500000E+02   2.7807382E+02   7.3823243E-02   2.7739908E+02   4.3309494E+05   2.2049808E+05   0.0000000E+00   0.0000000E+00   0.0000000E+00
     8.0600000E+02   2.7807687E+02   7.6867074E-02   2.7744003E+02   4.5808744E+05   2.0810267E+05   0.0000000E+00   0.0000000E+00   0.0000000E+00
     8.0700000E+02   2.7809802E+02   9.8009847E-02   2.7753143E+02   6.9480319E+05   1.8514742E+05   0.0000000E+00   0.0000000E+00   0.0000000E+00
     8.0800000E+02   2.7818240E+02   1.8239573E-01   2.7771957E+02   1.9487828E+06   1.5124283E+05   0.0000000E+00   0.0000000E+00   0.0000000E+00
     8.0900000E+02   2.7848938E+02   4.8936570E-01   2.7810773E+02   1.0095596E+07   1.2471739E+05   0.0000000E+00   0.0000000E+00   0.0000000E+00
     8.1000000E+02   2.7844540E+02   4.4539765E-01   2.7807245E+02   8.6296080E+06   1.2187554E+05   0.0000000E+00   0.0000000E+00   0.0000000E+00
     8.1100000E+02   2.7816492E+02   1.6492344E-01   2.7776941E+02   1.6477085E+06   1.2924896E+05   0.0000000E+00   0.0000000E+00   0.0000000E+00
     8.1200000E+02   2.7823386E+02   2.3387112E-01   2.7783261E+02   2.9491935E+06   1.3112339E+05   0.0000000E+00   0.0000000E+00   0.0000000E+00
     8.1300000E+02   2.7816351E+02   1.6351502E-01   2.7775067E+02   1.6241119E+06   1.3491380E+05   0.0000000E+00   0.0000000E+00   0.0000000E+00
     8.1400000E+02   2.7815186E+02   1.5185183E-01   2.7772803E+02   1.4354636E+06   1.3849589E+05   0.0000000E+00   0.0000000E+00   0.0000000E+00
     8.1500000E+02   2.7814398E+02   1.4397639E-01   2.7771204E+02   1.3146806E+06   1.4115520E+05   0.0000000E+00   0.0000000E+00   0.0000000E+00
     8.1600000E+02   2.7830872E+02   3.0872181E-01   2.7791992E+02   4.6847545E+06   1.2705752E+05   0.0000000E+00   0.0000000E+00   0.0000000E+00
     8.1700000E+02   2.7817953E+02   1.7953210E-01   2.7778326E+02   1.8980820E+06   1.2949516E+05   0.0000000E+00   0.0000000E+00   0.0000000E+00
     8.1800000E+02   2.7817041E+02   1.7039709E-01   2.7776428E+02   1.7421741E+06   1.3271205E+05   0.0000000E+00   0.0000000E+00   0.0000000E+00
     8.1900000E+02   2.7918900E+02   1.1889831E+00   2.7874573E+02   4.4330496E+07   1.4484928E+05   0.0000000E+00   0.0000000E+00   0.0000000E+00
     8.2000000E+02   2.7844296E+02   4.4296864E-01   2.7810321E+02   8.5512630E+06   1.1102524E+05   0.0000000E+00   0.0000000E+00   0.0000000E+00
     8.2100000E+02   2.7823849E+02   2.3850955E-01   2.7787558E+02   3.0471690E+06   1.1860123E+05   0.0000000E+00   0.0000000E+00   0.0000000E+00
     8.2200000E+02   2.7824945E+02   2.4945770E-01   2.7787354E+02   3.2840440E+06   1.2284273E+05   0.0000000E+00   0.0000000E+00   0.0000000E+00
     8.2300000E+02   2.7830914E+02   3.0913448E-01   2.7793970E+02   4.6954255E+06   1.2072745E+05   0.0000000E+00   0.0000000E+00   0.0000000E+00
     8.2400000E+02   2.7828653E+02   2.8654128E-01   2.7791849E+02   4.1419000E+06   1.2027470E+05   0.0000000E+00   0.0000000E+00   0.0000000E+00
     8.2500000E+02   2.7824881E+02   2.4881230E-01   2.7787503E+02   3.2698355E+06   1.2214741E+05   0.0000000E+00   0.0000000E+00   0.0000000E+00
     8.2600000E+02   2.7824173E+02   2.4172188E-01   2.7786288E+02   3.1184488E+06   1.2380017E+05   0.0000000E+00   0.0000000E+00   0.0000000E+00
     8.2700000E+02   2.7823605E+02   2.3604459E-01   2.7785471E+02   2.9978790E+06   1.2461450E+05   0.0000000E+00   0.0000000E+00   0.0000000E+00
     8.2800000E+02   2.7823282E+02   2.3282847E-01   2.7785065E+02   2.9361472E+06   1.2488980E+05   0.0000000E+00   0.0000000E+00   0.0000000E+00
     8.2900000E+02   2.7822519E+02   2.2519232E-01   2.7784119E+02   2.7699935E+06   1.2548688E+05   0.0000000E+00   0.0000000E+00   0.0000000E+00
     8.3000000E+02   2.7821890E+02   2.1890718E-01   2.7783313E+02   2.6440810E+06   1.2606963E+05   0.0000000E+00   0.0000000E+00   0.0000000E+00
     8.3100000E+02   2.7821445E+02   2.1443331E-01   2.7782761E+02   2.5524828E+06   1.2641169E+05   0.0000000E+00   0.0000000E+00   0.0000000E+00
     8.3200000E+02   2.7820923E+02   2.0922017E-01   2.7782117E+02   2.4502682E+06   1.2681198E+05   0.0000000E+00   0.0000000E+00   0.0000000E+00
     8.3300000E+02   2.7830844E+02   3.0845591E-01   2.7793109E+02   4.6758340E+06   1.2331981E+05   0.0000000E+00   0.0000000E+00   0.0000000E+00
     8.3400000E+02   2.7830588E+02   3.0588230E-01   2.7793390E+02   4.6250835E+06   1.2156148E+05   0.0000000E+00   0.0000000E+00   0.0000000E+00
     8.3500000E+02   2.7828796E+02   2.8796443E-01   2.7791522E+02   4.1721560E+06   1.2180465E+05   0.0000000E+00   0.0000000E+00   0.0000000E+00
     8.3600000E+02   2.7828601E+02   2.8601965E-01   2.7791165E+02   4.1267912E+06   1.2234145E+05   0.0000000E+00   0.0000000E+00   0.0000000E+00
     8.3700000E+02   2.7828119E+02   2.8118962E-01   2.7790640E+02   4.0168278E+06   1.2247670E+05   0.0000000E+00   0.0000000E+00   0.0000000E+00
     8.3800000E+02   2.7827798E+02   2.7798465E-01   2.7790228E+02   3.9329250E+06   1.2277695E+05   0.0000000E+00   0.0000000E+00   0.0000000E+00
     8.3900000E+02   2.7827356E+02   2.7354723E-01   2.7789685E+02   3.8378125E+06   1.2309411E+05   0.0000000E+00   0.0000000E+00   0.0000000E+00
     8.4000000E+02   2.7827188E+02   2.7187452E-01   2.7789456E+02   3.7936020E+06   1.2329818E+05   0.0000000E+00   0.0000000E+00   0.0000000E+00
     8.4100000E+02   2.7826718E+02   2.6717347E-01   2.7788959E+02   3.6899972E+06   1.2339000E+05   0.0000000E+00   0.0000000E+00   0.0000000E+00
     8.4200000E+02   2.7826630E+02   2.6630300E-01   2.7788785E+02   3.6499235E+06   1.2367645E+05   0.0000000E+00   0.0000000E+00   0.0000000E+00
     8.4300000E+02   2.7826038E+02   2.6038629E-01   2.7788095E+02   3.5373400E+06   1.2399477E+05   0.0000000E+00   0.0000000E+00   0.0000000E+00
     8.4400000E+02   2.7825858E+02   2.5858688E-01   2.7787549E+02   3.4852878E+06   1.2518740E+05   0.0000000E+00   0.0000000E+00   0.0000000E+00
     8.4500000E+02   2.7825653E+02   2.5653830E-01   2.7787048E+02   3.4263128E+06   1.2615509E+05   0.0000000E+00   0.0000000E+00   0.0000000E+00
     8.4600000E+02   2.7825330E+02   2.5329596E-01   2.7786517E+02   3.3709728E+06   1.2683349E+05   0.0000000E+00   0.0000000E+00   0.0000000E+00
     8.4700000E+02   2.7825174E+02   2.5173190E-01   2.7786127E+02   3.3341832E+06   1.2759683E+05   0.0000000E+00   0.0000000E+00   0.0000000E+00
     8.4800000E+02   2.7824835E+02   2.4836144E-01   2.7785593E+02   3.2511232E+06   1.2824445E+05   0.0000000E+00   0.0000000E+00   0.0000000E+00
     8.4900000E+02   2.7824747E+02   2.4747902E-01   2.7785349E+02   3.2396032E+06   1.2875383E+05   0.0000000E+00   0.0000000E+00   0.0000000E+00
     8.5000000E+02   2.7824490E+02   2.4491729E-01   2.7784991E+02   3.1676458E+06   1.2908429E+05   0.0000000E+00   0.0000000E+00   0.0000000E+00
     8.5100000E+02   2.7826773E+02   2.6772580E-01   2.7788019E+02   3.6945630E+06   1.2663998E+05   0.0000000E+00   0.0000000E+00   0.0000000E+00
     8.5200000E+02   2.7826343E+02   2.6341364E-01   2.7787564E+02   3.6003678E+06   1.2671336E+05   0.0000000E+00   0.0000000E+00   0.0000000E+00
     8.5300000E+02   2.7825171E+02   2.5171426E-01   2.7786017E+02   3.3331918E+06   1.2795221E+05   0.0000000E+00   0.0000000E+00   0.0000000E+00
     8.5400000E+02   2.7824838E+02   2.4839289E-01   2.7785480E+02   3.2610218E+06   1.2862452E+05   0.0000000E+00   0.0000000E+00   0.0000000E+00
     8.5500000E+02   2.7824802E+02   2.4802439E-01   2.7785358E+02   3.2497518E+06   1.2889811E+05   0.0000000E+00   0.0000000E+00   0.0000000E+00
     8.5600000E+02   2.7824008E+02   2.4009196E-01   2.7784451E+02   3.0878338E+06   1.2927110E+05   0.0000000E+00   0.0000000E+00   0.0000000E+00
     8.5700000E+02   2.7817557E+02   1.7557015E-01   2.7776917E+02   1.8287560E+06   1.3281030E+05   0.0000000E+00   0.0000000E+00   0.0000000E+00
     8.5800000E+02   2.7822876E+02   2.2877209E-01   2.7782437E+02   2.8428158E+06   1.3214647E+05   0.0000000E+00   0.0000000E+00   0.0000000E+00
     8.5900000E+02   2.7823328E+02   2.3327498E-01   2.7783237E+02   2.9368755E+06   1.3101123E+05   0.0000000E+00   0.0000000E+00   0.0000000E+00
     8.6000000E+02   2.7823260E+02   2.3259760E-01   2.7783246E+02   2.9224420E+06   1.3076178E+05   0.0000000E+00   0.0000000E+00   0.0000000E+00
     8.6100000E+02   2.7823120E+02   2.3120874E-01   2.7783084E+02   2.8930232E+06   1.3083295E+05   0.0000000E+00   0.0000000E+00   0.0000000E+00
     8.6200000E+02   2.7822931E+02   2.2931385E-01   2.7782867E+02   2.8562578E+06   1.3092428E+05   0.0000000E+00   0.0000000E+00   0.0000000E+00
     8.6300000E+02   2.7822891E+02   2.2890064E-01   2.7782803E+02   2.8396675E+06   1.3099593E+05   0.0000000E+00   0.0000000E+00   0.0000000E+00
     8.6400000E+02   2.7821658E+02   2.1658891E-01   2.7781351E+02   2.5956340E+06   1.3172309E+05   0.0000000E+00   0.0000000E+00   0.0000000E+00
     8.6500000E+02   2.7821539E+02   2.1537793E-01   2.7781097E+02   2.5670298E+06   1.3215370E+05   0.0000000E+00   0.0000000E+00   0.0000000E+00
     8.6600000E+02   2.7821475E+02   2.1476638E-01   2.7780975E+02   2.5583992E+06   1.3235605E+05   0.0000000E+00   0.0000000E+00   0.0000000E+00
     8.6700000E+02   2.7818845E+02   1.8844722E-01   2.7777951E+02   2.0574148E+06   1.3363558E+05   0.0000000E+00   0.0000000E+00   0.0000000E+00
     8.6800000E+02   2.7828778E+02   2.8776726E-01   2.7790518E+02   4.1668928E+06   1.2502007E+05   0.0000000E+00   0.0000000E+00   0.0000000E+00
     8.6900000E+02   2.7826102E+02   2.6102242E-01   2.7787823E+02   3.5415962E+06   1.2508427E+05   0.0000000E+00   0.0000000E+00   0.0000000E+00
     8.7000000E+02   2.7856458E+02   5.6457812E-01   2.7819189E+02   1.2811952E+07   1.2178216E+05   0.0000000E+00   0.0000000E+00   0.0000000E+00
     8.7100000E+02   2.7891138E+02   9.1137147E-01   2.7852344E+02   2.8460130E+07   1.2677268E+05   0.0000000E+00   0.0000000E+00   0.0000000E+00
     8.7200000E+02   2.7842026E+02   4.2026117E-01   2.7808289E+02   7.8331925E+06   1.1024438E+05   0.0000000E+00   0.0000000E+00   0.0000000E+00
     8.7300000E+02   2.7833740E+02   3.3741352E-01   2.7798834E+02   5.4322590E+06   1.1406761E+05   0.0000000E+00   0.0000000E+00   0.0000000E+00
     8.7400000E+02   2.7832327E+02   3.2327861E-01   2.7796527E+02   5.0585320E+06   1.1698870E+05   0.0000000E+00   0.0000000E+00   0.0000000E+00
     8.7500000E+02   2.7830087E+02   3.0088285E-01   2.7793610E+02   4.4884950E+06   1.1920934E+05   0.0000000E+00   0.0000000E+00   0.0000000E+00
     8.7600000E+02   2.7828876E+02   2.8876305E-01   2.7791934E+02   4.1918335E+06   1.2071909E+05   0.0000000E+00   0.0000000E+00   0.0000000E+00
