 "GAGE No.    1:  K,I,J Coord. =     2,  213,  268;  STREAM SEGMENT =   232;  REACH =    28 "
     "DATA: Time           Stage           Depth         GW-Head    Midpt-Flow       Stream-Loss        GW-Rech.  Chnge-UZ-Stor.   Vol.-UZ-Stor."
     7.3100000E+02   6.6300000E+02   0.0000000E+00   6.6300000E+02   0.0000000E+00   0.0000000E+00   0.0000000E+00   0.0000000E+00   0.0000000E+00
     7.3200000E+02   6.6300000E+02   0.0000000E+00   6.6300000E+02   0.0000000E+00   0.0000000E+00   0.0000000E+00   0.0000000E+00   0.0000000E+00
     7.3300000E+02   6.6300000E+02   0.0000000E+00   6.6300000E+02   0.0000000E+00   0.0000000E+00   0.0000000E+00   0.0000000E+00   0.0000000E+00
     7.3400000E+02   6.6300000E+02   0.0000000E+00   6.6300000E+02   0.0000000E+00   0.0000000E+00   0.0000000E+00   0.0000000E+00   0.0000000E+00
     7.3500000E+02   6.6300000E+02   0.0000000E+00   6.6300000E+02   0.0000000E+00   0.0000000E+00   0.0000000E+00   0.0000000E+00   0.0000000E+00
     7.3600000E+02   6.6300000E+02   0.0000000E+00   6.6300000E+02   0.0000000E+00   0.0000000E+00   0.0000000E+00   0.0000000E+00   0.0000000E+00
     7.3700000E+02   6.6300000E+02   0.0000000E+00   6.6300000E+02   0.0000000E+00   0.0000000E+00   0.0000000E+00   0.0000000E+00   0.0000000E+00
     7.3800000E+02   6.6300000E+02   0.0000000E+00   6.6300000E+02   0.0000000E+00   0.0000000E+00   0.0000000E+00   0.0000000E+00   0.0000000E+00
     7.3900000E+02   6.6300000E+02   0.0000000E+00   6.6300000E+02   0.0000000E+00   0.0000000E+00   0.0000000E+00   0.0000000E+00   0.0000000E+00
     7.4000000E+02   6.6300000E+02   0.0000000E+00   6.6300000E+02   0.0000000E+00   0.0000000E+00   0.0000000E+00   0.0000000E+00   0.0000000E+00
     7.4100000E+02   6.6300000E+02   0.0000000E+00   6.6300000E+02   0.0000000E+00   0.0000000E+00   0.0000000E+00   0.0000000E+00   0.0000000E+00
     7.4200000E+02   6.6300000E+02   0.0000000E+00   6.6300000E+02   0.0000000E+00   0.0000000E+00   0.0000000E+00   0.0000000E+00   0.0000000E+00
     7.4300000E+02   6.6300000E+02   0.0000000E+00   6.6300000E+02   0.0000000E+00   0.0000000E+00   0.0000000E+00   0.0000000E+00   0.0000000E+00
     7.4400000E+02   6.6300000E+02   0.0000000E+00   6.6300000E+02   0.0000000E+00   0.0000000E+00   0.0000000E+00   0.0000000E+00   0.0000000E+00
     7.4500000E+02   6.6300000E+02   0.0000000E+00   6.6300000E+02   0.0000000E+00   0.0000000E+00   0.0000000E+00   0.0000000E+00   0.0000000E+00
     7.4600000E+02   6.6300000E+02   0.0000000E+00   6.6300000E+02   0.0000000E+00   0.0000000E+00   0.0000000E+00   0.0000000E+00   0.0000000E+00
     7.4700000E+02   6.6300000E+02   0.0000000E+00   6.6300000E+02   0.0000000E+00   0.0000000E+00   0.0000000E+00   0.0000000E+00   0.0000000E+00
     7.4800000E+02   6.6300000E+02   0.0000000E+00   6.6300000E+02   0.0000000E+00   0.0000000E+00   0.0000000E+00   0.0000000E+00   0.0000000E+00
     7.4900000E+02   6.6300000E+02   0.0000000E+00   6.6300000E+02   0.0000000E+00   0.0000000E+00   0.0000000E+00   0.0000000E+00   0.0000000E+00
     7.5000000E+02   6.6300000E+02   0.0000000E+00   6.6300000E+02   0.0000000E+00   0.0000000E+00   0.0000000E+00   0.0000000E+00   0.0000000E+00
     7.5100000E+02   6.6300000E+02   0.0000000E+00   6.6300000E+02   0.0000000E+00   0.0000000E+00   0.0000000E+00   0.0000000E+00   0.0000000E+00
     7.5200000E+02   6.6300000E+02   0.0000000E+00   6.6300000E+02   0.0000000E+00   0.0000000E+00   0.0000000E+00   0.0000000E+00   0.0000000E+00
     7.5300000E+02   6.6300000E+02   0.0000000E+00   6.6300000E+02   0.0000000E+00   0.0000000E+00   0.0000000E+00   0.0000000E+00   0.0000000E+00
     7.5400000E+02   6.6300000E+02   0.0000000E+00   6.6300000E+02   0.0000000E+00   0.0000000E+00   0.0000000E+00   0.0000000E+00   0.0000000E+00
     7.5500000E+02   6.6300000E+02   0.0000000E+00   6.6300000E+02   0.0000000E+00   0.0000000E+00   0.0000000E+00   0.0000000E+00   0.0000000E+00
     7.5600000E+02   6.6300000E+02   0.0000000E+00   6.6300000E+02   0.0000000E+00   0.0000000E+00   0.0000000E+00   0.0000000E+00   0.0000000E+00
     7.5700000E+02   6.6300000E+02   0.0000000E+00   6.6300000E+02   0.0000000E+00   0.0000000E+00   0.0000000E+00   0.0000000E+00   0.0000000E+00
     7.5800000E+02   6.6300000E+02   0.0000000E+00   6.6300000E+02   0.0000000E+00   0.0000000E+00   0.0000000E+00   0.0000000E+00   0.0000000E+00
     7.5900000E+02   6.6300000E+02   0.0000000E+00   6.6300000E+02   0.0000000E+00   0.0000000E+00   0.0000000E+00   0.0000000E+00   0.0000000E+00
     7.6000000E+02   6.6300000E+02   0.0000000E+00   6.6300000E+02   0.0000000E+00   0.0000000E+00   0.0000000E+00   0.0000000E+00   0.0000000E+00
     7.6100000E+02   6.6300000E+02   0.0000000E+00   6.6300000E+02   0.0000000E+00   0.0000000E+00   0.0000000E+00   0.0000000E+00   0.0000000E+00
     7.6200000E+02   6.6300000E+02   0.0000000E+00   6.6300000E+02   0.0000000E+00   0.0000000E+00   0.0000000E+00   0.0000000E+00   0.0000000E+00
     7.6300000E+02   6.6300000E+02   0.0000000E+00   6.6300000E+02   0.0000000E+00   0.0000000E+00   0.0000000E+00   0.0000000E+00   0.0000000E+00
     7.6400000E+02   6.6300000E+02   0.0000000E+00   6.6300000E+02   0.0000000E+00   0.0000000E+00   0.0000000E+00   0.0000000E+00   0.0000000E+00
     7.6500000E+02   6.6300000E+02   0.0000000E+00   6.6300000E+02   0.0000000E+00   0.0000000E+00   0.0000000E+00   0.0000000E+00   0.0000000E+00
     7.6600000E+02   6.6300000E+02   0.0000000E+00   6.6300000E+02   0.0000000E+00   0.0000000E+00   0.0000000E+00   0.0000000E+00   0.0000000E+00
     7.6700000E+02   6.6300000E+02   0.0000000E+00   6.6300000E+02   0.0000000E+00   0.0000000E+00   0.0000000E+00   0.0000000E+00   0.0000000E+00
     7.6800000E+02   6.6300000E+02   0.0000000E+00   6.6300000E+02   0.0000000E+00   0.0000000E+00   0.0000000E+00   0.0000000E+00   0.0000000E+00
     7.6900000E+02   6.6300000E+02   0.0000000E+00   6.6300000E+02   0.0000000E+00   0.0000000E+00   0.0000000E+00   0.0000000E+00   0.0000000E+00
     7.7000000E+02   6.6300000E+02   0.0000000E+00   6.6300000E+02   0.0000000E+00   0.0000000E+00   0.0000000E+00   0.0000000E+00   0.0000000E+00
     7.7100000E+02   6.6300000E+02   0.0000000E+00   6.6300000E+02   0.0000000E+00   0.0000000E+00   0.0000000E+00   0.0000000E+00   0.0000000E+00
     7.7200000E+02   6.6300000E+02   0.0000000E+00   6.6300000E+02   0.0000000E+00   0.0000000E+00   0.0000000E+00   0.0000000E+00   0.0000000E+00
     7.7300000E+02   6.6300000E+02   0.0000000E+00   6.6300000E+02   0.0000000E+00   0.0000000E+00   0.0000000E+00   0.0000000E+00   0.0000000E+00
     7.7400000E+02   6.6300000E+02   0.0000000E+00   6.6300000E+02   0.0000000E+00   0.0000000E+00   0.0000000E+00   0.0000000E+00   0.0000000E+00
     7.7500000E+02   6.6300000E+02   0.0000000E+00   6.6300000E+02   0.0000000E+00   0.0000000E+00   0.0000000E+00   0.0000000E+00   0.0000000E+00
     7.7600000E+02   6.6300000E+02   0.0000000E+00   6.6300000E+02   0.0000000E+00   0.0000000E+00   0.0000000E+00   0.0000000E+00   0.0000000E+00
     7.7700000E+02   6.6300000E+02   0.0000000E+00   6.6300000E+02   0.0000000E+00   0.0000000E+00   0.0000000E+00   0.0000000E+00   0.0000000E+00
     7.7800000E+02   6.6300000E+02   0.0000000E+00   6.6300000E+02   0.0000000E+00   0.0000000E+00   0.0000000E+00   0.0000000E+00   0.0000000E+00
     7.7900000E+02   6.6300000E+02   0.0000000E+00   6.6300000E+02   0.0000000E+00   0.0000000E+00   0.0000000E+00   0.0000000E+00   0.0000000E+00
     7.8000000E+02   6.6300000E+02   0.0000000E+00   6.6300000E+02   0.0000000E+00   0.0000000E+00   0.0000000E+00   0.0000000E+00   0.0000000E+00
     7.8100000E+02   6.6300000E+02   0.0000000E+00   6.6300000E+02   0.0000000E+00   0.0000000E+00   0.0000000E+00   0.0000000E+00   0.0000000E+00
     7.8200000E+02   6.6300000E+02   0.0000000E+00   6.6300000E+02   0.0000000E+00   0.0000000E+00   0.0000000E+00   0.0000000E+00   0.0000000E+00
     7.8300000E+02   6.6300000E+02   0.0000000E+00   6.6300000E+02   0.0000000E+00   0.0000000E+00   0.0000000E+00   0.0000000E+00   0.0000000E+00
     7.8400000E+02   6.6300000E+02   0.0000000E+00   6.6300000E+02   0.0000000E+00   0.0000000E+00   0.0000000E+00   0.0000000E+00   0.0000000E+00
     7.8500000E+02   6.6300000E+02   0.0000000E+00   6.6300000E+02   0.0000000E+00   0.0000000E+00   0.0000000E+00   0.0000000E+00   0.0000000E+00
     7.8600000E+02   6.6300000E+02   0.0000000E+00   6.6300000E+02   0.0000000E+00   0.0000000E+00   0.0000000E+00   0.0000000E+00   0.0000000E+00
     7.8700000E+02   6.6300000E+02   0.0000000E+00   6.6300000E+02   0.0000000E+00   0.0000000E+00   0.0000000E+00   0.0000000E+00   0.0000000E+00
     7.8800000E+02   6.6300000E+02   0.0000000E+00   6.6300000E+02   0.0000000E+00   0.0000000E+00   0.0000000E+00   0.0000000E+00   0.0000000E+00
     7.8900000E+02   6.6300000E+02   0.0000000E+00   6.6300000E+02   0.0000000E+00   0.0000000E+00   0.0000000E+00   0.0000000E+00   0.0000000E+00
     7.9000000E+02   6.6300000E+02   0.0000000E+00   6.6300000E+02   0.0000000E+00   0.0000000E+00   0.0000000E+00   0.0000000E+00   0.0000000E+00
     7.9100000E+02   6.6300000E+02   0.0000000E+00   6.6300000E+02   0.0000000E+00   0.0000000E+00   0.0000000E+00   0.0000000E+00   0.0000000E+00
     7.9200000E+02   6.6300000E+02   0.0000000E+00   6.6300000E+02   0.0000000E+00   0.0000000E+00   0.0000000E+00   0.0000000E+00   0.0000000E+00
     7.9300000E+02   6.6300000E+02   0.0000000E+00   6.6300000E+02   0.0000000E+00   0.0000000E+00   0.0000000E+00   0.0000000E+00   0.0000000E+00
     7.9400000E+02   6.6300000E+02   0.0000000E+00   6.6300000E+02   0.0000000E+00   0.0000000E+00   0.0000000E+00   0.0000000E+00   0.0000000E+00
     7.9500000E+02   6.6300000E+02   0.0000000E+00   6.6300000E+02   0.0000000E+00   0.0000000E+00   0.0000000E+00   0.0000000E+00   0.0000000E+00
     7.9600000E+02   6.6300000E+02   0.0000000E+00   6.6300000E+02   0.0000000E+00   0.0000000E+00   0.0000000E+00   0.0000000E+00   0.0000000E+00
     7.9700000E+02   6.6300000E+02   0.0000000E+00   6.6300000E+02   0.0000000E+00   0.0000000E+00   0.0000000E+00   0.0000000E+00   0.0000000E+00
     7.9800000E+02   6.6300000E+02   0.0000000E+00   6.6300000E+02   0.0000000E+00   0.0000000E+00   0.0000000E+00   0.0000000E+00   0.0000000E+00
     7.9900000E+02   6.6300000E+02   0.0000000E+00   6.6300000E+02   0.0000000E+00   0.0000000E+00   0.0000000E+00   0.0000000E+00   0.0000000E+00
     8.0000000E+02   6.6300000E+02   0.0000000E+00   6.6300000E+02   0.0000000E+00   0.0000000E+00   0.0000000E+00   0.0000000E+00   0.0000000E+00
     8.0100000E+02   6.6300000E+02   0.0000000E+00   6.6300000E+02   0.0000000E+00   0.0000000E+00   0.0000000E+00   0.0000000E+00   0.0000000E+00
     8.0200000E+02   6.6300000E+02   0.0000000E+00   6.6300000E+02   0.0000000E+00   0.0000000E+00   0.0000000E+00   0.0000000E+00   0.0000000E+00
     8.0300000E+02   6.6300000E+02   0.0000000E+00   6.6300000E+02   0.0000000E+00   0.0000000E+00   0.0000000E+00   0.0000000E+00   0.0000000E+00
     8.0400000E+02   6.6300000E+02   0.0000000E+00   6.6300000E+02   0.0000000E+00   0.0000000E+00   0.0000000E+00   0.0000000E+00   0.0000000E+00
     8.0500000E+02   6.6300000E+02   0.0000000E+00   6.6300000E+02   0.0000000E+00   0.0000000E+00   0.0000000E+00   0.0000000E+00   0.0000000E+00
     8.0600000E+02   6.6300000E+02   0.0000000E+00   6.6300000E+02   0.0000000E+00   0.0000000E+00   0.0000000E+00   0.0000000E+00   0.0000000E+00
     8.0700000E+02   6.6300000E+02   0.0000000E+00   6.6300000E+02   0.0000000E+00   0.0000000E+00   0.0000000E+00   0.0000000E+00   0.0000000E+00
     8.0800000E+02   6.6300000E+02   0.0000000E+00   6.6300000E+02   0.0000000E+00   0.0000000E+00   0.0000000E+00   0.0000000E+00   0.0000000E+00
     8.0900000E+02   6.6300000E+02   0.0000000E+00   6.6300000E+02   0.0000000E+00   0.0000000E+00   0.0000000E+00   0.0000000E+00   0.0000000E+00
     8.1000000E+02   6.6300000E+02   0.0000000E+00   6.6300000E+02   0.0000000E+00   0.0000000E+00   0.0000000E+00   0.0000000E+00   0.0000000E+00
     8.1100000E+02   6.6300000E+02   0.0000000E+00   6.6300000E+02   0.0000000E+00   0.0000000E+00   0.0000000E+00   0.0000000E+00   0.0000000E+00
     8.1200000E+02   6.6300000E+02   0.0000000E+00   6.6300000E+02   0.0000000E+00   0.0000000E+00   0.0000000E+00   0.0000000E+00   0.0000000E+00
     8.1300000E+02   6.6300000E+02   0.0000000E+00   6.6300000E+02   0.0000000E+00   0.0000000E+00   0.0000000E+00   0.0000000E+00   0.0000000E+00
     8.1400000E+02   6.6300000E+02   0.0000000E+00   6.6300000E+02   0.0000000E+00   0.0000000E+00   0.0000000E+00   0.0000000E+00   0.0000000E+00
     8.1500000E+02   6.6300000E+02   0.0000000E+00   6.6300000E+02   0.0000000E+00   0.0000000E+00   0.0000000E+00   0.0000000E+00   0.0000000E+00
     8.1600000E+02   6.6300000E+02   0.0000000E+00   6.6300000E+02   0.0000000E+00   0.0000000E+00   0.0000000E+00   0.0000000E+00   0.0000000E+00
     8.1700000E+02   6.6300000E+02   0.0000000E+00   6.6300000E+02   0.0000000E+00   0.0000000E+00   0.0000000E+00   0.0000000E+00   0.0000000E+00
     8.1800000E+02   6.6300000E+02   0.0000000E+00   6.6300000E+02   0.0000000E+00   0.0000000E+00   0.0000000E+00   0.0000000E+00   0.0000000E+00
     8.1900000E+02   6.6300000E+02   0.0000000E+00   6.6300000E+02   0.0000000E+00   0.0000000E+00   0.0000000E+00   0.0000000E+00   0.0000000E+00
     8.2000000E+02   6.6300000E+02   0.0000000E+00   6.6300000E+02   0.0000000E+00   0.0000000E+00   0.0000000E+00   0.0000000E+00   0.0000000E+00
     8.2100000E+02   6.6300000E+02   0.0000000E+00   6.6300000E+02   0.0000000E+00   0.0000000E+00   0.0000000E+00   0.0000000E+00   0.0000000E+00
     8.2200000E+02   6.6300000E+02   0.0000000E+00   6.6300000E+02   0.0000000E+00   0.0000000E+00   0.0000000E+00   0.0000000E+00   0.0000000E+00
     8.2300000E+02   6.6300000E+02   0.0000000E+00   6.6300000E+02   0.0000000E+00   0.0000000E+00   0.0000000E+00   0.0000000E+00   0.0000000E+00
     8.2400000E+02   6.6300000E+02   0.0000000E+00   6.6300000E+02   0.0000000E+00   0.0000000E+00   0.0000000E+00   0.0000000E+00   0.0000000E+00
     8.2500000E+02   6.6300000E+02   0.0000000E+00   6.6300000E+02   0.0000000E+00   0.0000000E+00   0.0000000E+00   0.0000000E+00   0.0000000E+00
     8.2600000E+02   6.6300000E+02   0.0000000E+00   6.6300000E+02   0.0000000E+00   0.0000000E+00   0.0000000E+00   0.0000000E+00   0.0000000E+00
     8.2700000E+02   6.6300000E+02   0.0000000E+00   6.6300000E+02   0.0000000E+00   0.0000000E+00   0.0000000E+00   0.0000000E+00   0.0000000E+00
     8.2800000E+02   6.6300000E+02   0.0000000E+00   6.6300000E+02   0.0000000E+00   0.0000000E+00   0.0000000E+00   0.0000000E+00   0.0000000E+00
     8.2900000E+02   6.6300000E+02   0.0000000E+00   6.6300000E+02   0.0000000E+00   0.0000000E+00   0.0000000E+00   0.0000000E+00   0.0000000E+00
     8.3000000E+02   6.6300000E+02   0.0000000E+00   6.6300000E+02   0.0000000E+00   0.0000000E+00   0.0000000E+00   0.0000000E+00   0.0000000E+00
     8.3100000E+02   6.6300000E+02   0.0000000E+00   6.6300000E+02   0.0000000E+00   0.0000000E+00   0.0000000E+00   0.0000000E+00   0.0000000E+00
     8.3200000E+02   6.6300000E+02   0.0000000E+00   6.6300000E+02   0.0000000E+00   0.0000000E+00   0.0000000E+00   0.0000000E+00   0.0000000E+00
     8.3300000E+02   6.6300000E+02   0.0000000E+00   6.6300000E+02   0.0000000E+00   0.0000000E+00   0.0000000E+00   0.0000000E+00   0.0000000E+00
     8.3400000E+02   6.6300000E+02   0.0000000E+00   6.6300000E+02   0.0000000E+00   0.0000000E+00   0.0000000E+00   0.0000000E+00   0.0000000E+00
     8.3500000E+02   6.6300000E+02   0.0000000E+00   6.6300000E+02   0.0000000E+00   0.0000000E+00   0.0000000E+00   0.0000000E+00   0.0000000E+00
     8.3600000E+02   6.6300000E+02   0.0000000E+00   6.6300000E+02   0.0000000E+00   0.0000000E+00   0.0000000E+00   0.0000000E+00   0.0000000E+00
     8.3700000E+02   6.6300000E+02   0.0000000E+00   6.6300000E+02   0.0000000E+00   0.0000000E+00   0.0000000E+00   0.0000000E+00   0.0000000E+00
     8.3800000E+02   6.6300000E+02   0.0000000E+00   6.6300000E+02   0.0000000E+00   0.0000000E+00   0.0000000E+00   0.0000000E+00   0.0000000E+00
     8.3900000E+02   6.6300000E+02   0.0000000E+00   6.6300000E+02   0.0000000E+00   0.0000000E+00   0.0000000E+00   0.0000000E+00   0.0000000E+00
     8.4000000E+02   6.6300000E+02   0.0000000E+00   6.6300000E+02   0.0000000E+00   0.0000000E+00   0.0000000E+00   0.0000000E+00   0.0000000E+00
     8.4100000E+02   6.6300000E+02   0.0000000E+00   6.6300000E+02   0.0000000E+00   0.0000000E+00   0.0000000E+00   0.0000000E+00   0.0000000E+00
     8.4200000E+02   6.6300000E+02   0.0000000E+00   6.6300000E+02   0.0000000E+00   0.0000000E+00   0.0000000E+00   0.0000000E+00   0.0000000E+00
     8.4300000E+02   6.6300000E+02   0.0000000E+00   6.6300000E+02   0.0000000E+00   0.0000000E+00   0.0000000E+00   0.0000000E+00   0.0000000E+00
     8.4400000E+02   6.6300000E+02   0.0000000E+00   6.6300000E+02   0.0000000E+00   0.0000000E+00   0.0000000E+00   0.0000000E+00   0.0000000E+00
     8.4500000E+02   6.6300000E+02   0.0000000E+00   6.6300000E+02   0.0000000E+00   0.0000000E+00   0.0000000E+00   0.0000000E+00   0.0000000E+00
     8.4600000E+02   6.6300000E+02   0.0000000E+00   6.6300000E+02   0.0000000E+00   0.0000000E+00   0.0000000E+00   0.0000000E+00   0.0000000E+00
     8.4700000E+02   6.6300000E+02   0.0000000E+00   6.6300000E+02   0.0000000E+00   0.0000000E+00   0.0000000E+00   0.0000000E+00   0.0000000E+00
     8.4800000E+02   6.6300000E+02   0.0000000E+00   6.6300000E+02   0.0000000E+00   0.0000000E+00   0.0000000E+00   0.0000000E+00   0.0000000E+00
     8.4900000E+02   6.6300000E+02   0.0000000E+00   6.6300000E+02   0.0000000E+00   0.0000000E+00   0.0000000E+00   0.0000000E+00   0.0000000E+00
     8.5000000E+02   6.6300000E+02   0.0000000E+00   6.6300000E+02   0.0000000E+00   0.0000000E+00   0.0000000E+00   0.0000000E+00   0.0000000E+00
     8.5100000E+02   6.6300000E+02   0.0000000E+00   6.6300000E+02   0.0000000E+00   0.0000000E+00   0.0000000E+00   0.0000000E+00   0.0000000E+00
     8.5200000E+02   6.6300000E+02   0.0000000E+00   6.6300000E+02   0.0000000E+00   0.0000000E+00   0.0000000E+00   0.0000000E+00   0.0000000E+00
     8.5300000E+02   6.6300000E+02   0.0000000E+00   6.6300000E+02   0.0000000E+00   0.0000000E+00   0.0000000E+00   0.0000000E+00   0.0000000E+00
     8.5400000E+02   6.6300000E+02   0.0000000E+00   6.6300000E+02   0.0000000E+00   0.0000000E+00   0.0000000E+00   0.0000000E+00   0.0000000E+00
     8.5500000E+02   6.6300000E+02   0.0000000E+00   6.6300000E+02   0.0000000E+00   0.0000000E+00   0.0000000E+00   0.0000000E+00   0.0000000E+00
     8.5600000E+02   6.6300000E+02   0.0000000E+00   6.6300000E+02   0.0000000E+00   0.0000000E+00   0.0000000E+00   0.0000000E+00   0.0000000E+00
     8.5700000E+02   6.6300000E+02   0.0000000E+00   6.6300000E+02   0.0000000E+00   0.0000000E+00   0.0000000E+00   0.0000000E+00   0.0000000E+00
     8.5800000E+02   6.6300000E+02   0.0000000E+00   6.6300000E+02   0.0000000E+00   0.0000000E+00   0.0000000E+00   0.0000000E+00   0.0000000E+00
     8.5900000E+02   6.6300000E+02   0.0000000E+00   6.6300000E+02   0.0000000E+00   0.0000000E+00   0.0000000E+00   0.0000000E+00   0.0000000E+00
     8.6000000E+02   6.6300000E+02   0.0000000E+00   6.6300000E+02   0.0000000E+00   0.0000000E+00   0.0000000E+00   0.0000000E+00   0.0000000E+00
     8.6100000E+02   6.6300000E+02   0.0000000E+00   6.6300000E+02   0.0000000E+00   0.0000000E+00   0.0000000E+00   0.0000000E+00   0.0000000E+00
     8.6200000E+02   6.6300000E+02   0.0000000E+00   6.6300000E+02   0.0000000E+00   0.0000000E+00   0.0000000E+00   0.0000000E+00   0.0000000E+00
     8.6300000E+02   6.6300000E+02   0.0000000E+00   6.6300000E+02   0.0000000E+00   0.0000000E+00   0.0000000E+00   0.0000000E+00   0.0000000E+00
     8.6400000E+02   6.6300000E+02   0.0000000E+00   6.6300000E+02   0.0000000E+00   0.0000000E+00   0.0000000E+00   0.0000000E+00   0.0000000E+00
     8.6500000E+02   6.6300000E+02   0.0000000E+00   6.6300000E+02   0.0000000E+00   0.0000000E+00   0.0000000E+00   0.0000000E+00   0.0000000E+00
     8.6600000E+02   6.6300000E+02   0.0000000E+00   6.6300000E+02   0.0000000E+00   0.0000000E+00   0.0000000E+00   0.0000000E+00   0.0000000E+00
     8.6700000E+02   6.6300000E+02   0.0000000E+00   6.6300000E+02   0.0000000E+00   0.0000000E+00   0.0000000E+00   0.0000000E+00   0.0000000E+00
     8.6800000E+02   6.6300000E+02   0.0000000E+00   6.6300000E+02   0.0000000E+00   0.0000000E+00   0.0000000E+00   0.0000000E+00   0.0000000E+00
     8.6900000E+02   6.6300000E+02   0.0000000E+00   6.6300000E+02   0.0000000E+00   0.0000000E+00   0.0000000E+00   0.0000000E+00   0.0000000E+00
     8.7000000E+02   6.6300000E+02   0.0000000E+00   6.6300000E+02   0.0000000E+00   0.0000000E+00   0.0000000E+00   0.0000000E+00   0.0000000E+00
     8.7100000E+02   6.6300000E+02   0.0000000E+00   6.6300000E+02   0.0000000E+00   0.0000000E+00   0.0000000E+00   0.0000000E+00   0.0000000E+00
     8.7200000E+02   6.6300000E+02   0.0000000E+00   6.6300000E+02   0.0000000E+00   0.0000000E+00   0.0000000E+00   0.0000000E+00   0.0000000E+00
     8.7300000E+02   6.6300000E+02   0.0000000E+00   6.6300000E+02   0.0000000E+00   0.0000000E+00   0.0000000E+00   0.0000000E+00   0.0000000E+00
     8.7400000E+02   6.6300000E+02   0.0000000E+00   6.6300000E+02   0.0000000E+00   0.0000000E+00   0.0000000E+00   0.0000000E+00   0.0000000E+00
     8.7500000E+02   6.6300000E+02   0.0000000E+00   6.6300000E+02   0.0000000E+00   0.0000000E+00   0.0000000E+00   0.0000000E+00   0.0000000E+00
     8.7600000E+02   6.6300000E+02   0.0000000E+00   6.6300000E+02   0.0000000E+00   0.0000000E+00   0.0000000E+00   0.0000000E+00   0.0000000E+00
