 "UNSATURATED MASS BALANCE COMPONENTS FOR ENTIRE MODEL "
 "DATA:            TIME   APPLIED-INFIL.          RUNOFF   ACTUAL-INFIL.   SURFACE-LEAK.           UZ-ET           GW-ET   UZSTOR-CHANGE        RECHARGE "

          7.3100000E+02    5.7732038E+05   0.0000000E+00   5.4178759E+04   1.0998363E+05   5.3401780E+01   8.5246742E+04  -8.2348213E+04   1.3666736E+05
          7.3200000E+02    5.8148850E+05   0.0000000E+00   5.4807297E+04   1.0802618E+05   6.4666075E+01   1.0766841E+05  -6.7967818E+04   1.2290093E+05
          7.3300000E+02    5.8309175E+05   0.0000000E+00   5.5237242E+04   1.0917398E+05   5.4840337E+01   1.0116104E+05  -6.5349644E+04   1.2071892E+05
          7.3400000E+02    5.8504112E+05   0.0000000E+00   5.5768926E+04   1.1215731E+05   3.5789712E+01   7.1220195E+04  -6.4415226E+04   1.2033354E+05
          7.3500000E+02    5.8697606E+05   0.0000000E+00   5.6429730E+04   1.1049269E+05   4.0413167E+01   1.1175283E+05  -6.4619242E+04   1.2119116E+05
          7.3600000E+02    7.4567475E+05   0.0000000E+00   1.9639257E+05   1.1258003E+05   9.4399018E+02   1.2060935E+05   2.9858504E+03   1.9264277E+05
          7.3700000E+02    5.5575519E+05   0.0000000E+00   5.7798560E+04   1.1195835E+05   7.0639652E+02   1.0938972E+05  -6.7348647E+04   1.2489154E+05
          7.3800000E+02    5.5581694E+05   0.0000000E+00   5.8626808E+04   1.0921709E+05   7.1577485E+02   6.4439324E+04  -6.5141308E+04   1.2322770E+05
          7.3900000E+02    5.5476569E+05   0.0000000E+00   5.9152256E+04   1.0723733E+05   2.6355325E+02   1.1921970E+05  -6.5386829E+04   1.2444821E+05
          7.4000000E+02    5.5435806E+05   0.0000000E+00   5.9428237E+04   1.0605055E+05   6.2825547E+01   8.6289828E+04  -6.2715496E+04   1.2225042E+05
          7.4100000E+02    5.5370319E+05   0.0000000E+00   5.9481381E+04   1.0495189E+05   6.4269788E+01   1.6842962E+05  -6.3599064E+04   1.2318171E+05
          7.4200000E+02    5.4959894E+05   0.0000000E+00   5.9458222E+04   1.0507519E+05   4.6182805E+01   1.5773905E+05  -6.0376214E+04   1.1995190E+05
          7.4300000E+02    5.4938338E+05   0.0000000E+00   5.9763427E+04   1.0379928E+05   4.1232018E+01   1.4996453E+05  -6.1235083E+04   1.2112009E+05
          7.4400000E+02    5.4981300E+05   0.0000000E+00   6.0124904E+04   1.0354747E+05   4.0985772E+01   1.3851942E+05  -6.0201430E+04   1.2044595E+05
          7.4500000E+02    5.4918288E+05   0.0000000E+00   5.9603678E+04   1.0385787E+05   3.9961352E+01   1.3281933E+05  -6.0797353E+04   1.2051908E+05
          7.4600000E+02    5.5015262E+05   0.0000000E+00   6.0426014E+04   1.0556780E+05   3.6001684E+01   1.1804639E+05  -5.8551022E+04   1.1909736E+05
          7.4700000E+02    1.2896601E+06   0.0000000E+00   7.6134712E+05   1.1658993E+05   3.4881126E+03   1.0787172E+05   3.0928126E+05   4.4873809E+05
          7.4800000E+02    5.8478912E+05   0.0000000E+00   8.6821988E+04   1.1272080E+05   1.1058849E+04   7.8120500E+04  -6.9837123E+04   1.4677284E+05
          7.4900000E+02    5.6790175E+05   0.0000000E+00   7.0315814E+04   1.0903339E+05   1.4256682E+04   1.1091544E+05  -7.0987951E+04   1.2725719E+05
          7.5000000E+02    5.5733900E+05   0.0000000E+00   6.0519449E+04   1.0795541E+05   1.2096186E+04   1.1378129E+05  -7.1341636E+04   1.1996355E+05
          7.5100000E+02    6.6093781E+05   0.0000000E+00   1.6199781E+05   1.1111658E+05   9.6299990E+03   7.4585758E+04  -9.1964339E+03   1.6172793E+05
          7.5200000E+02    8.4681712E+05   0.0000000E+00   3.3384116E+05   1.2018230E+05   5.1191236E+03   9.9776266E+04   6.4486181E+04   2.6437811E+05
          7.5300000E+02    1.1770302E+06   0.0000000E+00   5.7637224E+05   1.3313598E+05   6.6623997E+03   1.7793020E+05   2.2009626E+05   3.4975283E+05
          7.5400000E+02    1.8750652E+06   0.0000000E+00   1.0920255E+06   1.7963688E+05   1.0490482E+04   1.8169128E+05   6.0292272E+05   4.7882620E+05
          7.5500000E+02    9.3941162E+05   0.0000000E+00   3.1834418E+05   1.4524864E+05   2.2952210E+04   1.7079195E+05   4.1520463E+04   2.5496653E+05
          7.5600000E+02    8.1951519E+05   0.0000000E+00   2.1760953E+05   1.3526510E+05   2.6229108E+04   1.7066458E+05  -2.1921284E+04   2.1383931E+05
          7.5700000E+02    7.7290781E+05   0.0000000E+00   1.7545902E+05   1.3524872E+05   2.6061357E+04   1.6849558E+05  -3.3205534E+04   1.8282304E+05
          7.5800000E+02    7.4443462E+05   0.0000000E+00   1.5571667E+05   1.3255886E+05   3.6275839E+04   1.9145606E+05  -5.4102180E+04   1.7369321E+05
          7.5900000E+02    1.4605552E+06   0.0000000E+00   7.4771389E+05   1.5057976E+05   1.6670386E+04   1.6278209E+05   3.1225454E+05   4.1892650E+05
          7.6000000E+02    9.6450569E+05   0.0000000E+00   3.1438751E+05   1.4875834E+05   1.8337291E+04   1.2726288E+05   5.8670896E+04   2.3809618E+05
          7.6100000E+02    7.6129481E+05   0.0000000E+00   1.7076782E+05   1.3319150E+05   3.3296479E+04   1.8282586E+05  -5.8534618E+04   1.9642542E+05
          7.6200000E+02    7.2975712E+05   0.0000000E+00   1.4184004E+05   1.3248615E+05   3.5876255E+04   2.2756936E+05  -6.8083610E+04   1.7431824E+05
          7.6300000E+02    7.1179256E+05   0.0000000E+00   1.3788749E+05   1.2601188E+05   3.6958763E+04   1.7749612E+05  -7.5030907E+04   1.7610315E+05
          7.6400000E+02    6.9439681E+05   0.0000000E+00   1.1314888E+05   1.2913830E+05   3.7201858E+04   1.8985961E+05  -7.5742822E+04   1.5181903E+05
          7.6500000E+02    6.7607838E+05   0.0000000E+00   1.0918507E+05   1.2469269E+05   3.7871272E+04   1.7095825E+05  -8.1650747E+04   1.5309510E+05
          7.6600000E+02    6.5786306E+05   0.0000000E+00   1.0147873E+05   1.1946485E+05   3.4480158E+04   9.6005977E+04  -8.4657583E+04   1.5178962E+05
          7.6700000E+02    1.2330015E+06   0.0000000E+00   5.8187267E+05   1.3754837E+05   3.6838238E+04   2.8127128E+05   1.8703125E+05   3.5813229E+05
          7.6800000E+02    1.9828342E+06   0.0000000E+00   1.1422972E+06   1.8652065E+05   1.6821293E+04   1.3266456E+05   5.6458869E+05   5.6103987E+05
          7.6900000E+02    1.0261756E+06   0.0000000E+00   3.2933188E+05   1.6837536E+05   2.5521118E+04   1.5141998E+05  -5.8344613E+03   3.1067783E+05
          7.7000000E+02    1.5254649E+06   0.0000000E+00   6.9895917E+05   1.8308347E+05   3.3253443E+04   2.1992278E+05   2.2576164E+05   4.4012480E+05
          7.7100000E+02    9.4805875E+05   0.0000000E+00   2.5332021E+05   1.7142575E+05   2.8799640E+04   1.6369189E+05  -4.2727273E+04   2.6823961E+05
          7.7200000E+02    8.9934862E+05   0.0000000E+00   2.2600466E+05   1.6625537E+05   2.6813820E+04   1.7004430E+05  -5.7732071E+04   2.5720906E+05
          7.7300000E+02    8.5824231E+05   0.0000000E+00   2.1488791E+05   1.5764620E+05   3.5141202E+04   1.8416542E+05  -1.1505428E+05   2.9491994E+05
          7.7400000E+02    8.3035225E+05   0.0000000E+00   1.9969711E+05   1.5042885E+05   3.7613765E+04   1.4185122E+05  -9.1416389E+04   2.5360524E+05
          7.7500000E+02    8.0336862E+05   0.0000000E+00   1.8141958E+05   1.4799269E+05   4.3394717E+04   1.3132427E+05  -9.9520162E+04   2.3764671E+05
          7.7600000E+02    7.7662819E+05   0.0000000E+00   1.6160674E+05   1.4710388E+05   3.8392757E+04   1.3673494E+05  -9.9962260E+04   2.2327798E+05
          7.7700000E+02    7.5084400E+05   0.0000000E+00   1.5859975E+05   1.3975314E+05   3.1235173E+04   1.1515974E+05  -9.7410518E+04   2.2487807E+05
          7.7800000E+02    7.3194231E+05   0.0000000E+00   1.4283793E+05   1.3970380E+05   2.7649104E+04   1.0883967E+05  -9.5715238E+04   2.1100196E+05
          7.7900000E+02    7.1565144E+05   0.0000000E+00   1.3187522E+05   1.3864117E+05   2.7708177E+04   1.1249310E+05  -9.6835869E+04   2.0110424E+05
          7.8000000E+02    2.0639809E+06   0.0000000E+00   1.1745143E+06   2.0024972E+05   1.2038667E+04   9.4433484E+04   5.8495117E+05   5.7765071E+05
          7.8100000E+02    3.2224295E+06   0.0000000E+00   1.8875863E+06   3.2010878E+05   1.0526106E+04   7.4712727E+04   9.6654171E+05   9.1077582E+05
          7.8200000E+02    2.9376905E+06   0.0000000E+00   1.4130380E+06   3.2474999E+05   1.1928102E+04   8.4744680E+04   6.3241240E+05   7.6862116E+05
          7.8300000E+02    3.2759558E+06   0.0000000E+00   1.4738345E+06   3.4684964E+05   1.7133291E+04   9.9256039E+04   6.1238934E+05   8.4453073E+05
          7.8400000E+02    3.2964932E+06   0.0000000E+00   1.2941009E+06   4.0097518E+05   7.8425136E+03   6.0572711E+04   4.4083094E+05   8.4552303E+05
          7.8500000E+02    2.5692940E+06   0.0000000E+00   7.7317088E+05   3.6516902E+05   1.2964030E+04   7.2133289E+04   6.3444536E+04   6.9800841E+05
          7.8600000E+02    2.4154475E+06   0.0000000E+00   6.8310682E+05   3.3930697E+05   1.1681273E+04   8.5767086E+04   3.6116200E+04   6.3623476E+05
          7.8700000E+02    2.7951300E+06   0.0000000E+00   9.2733727E+05   3.5302545E+05   9.7948606E+03   8.4496836E+04   2.3095217E+05   6.8724493E+05
          7.8800000E+02    4.5030080E+06   0.0000000E+00   1.8265583E+06   4.3548847E+05   8.3353053E+03   6.6159484E+04   8.3902423E+05   9.7968302E+05
          7.8900000E+02    3.2940118E+06   0.0000000E+00   9.0081136E+05   4.1681864E+05   1.5637180E+04   8.2496203E+04   7.9500628E+04   8.0731817E+05
          7.9000000E+02    3.0577915E+06   0.0000000E+00   7.6288077E+05   4.0007245E+05   1.3768063E+04   9.7900445E+04  -6.1026101E+04   8.1071621E+05
          7.9100000E+02    2.8802230E+06   0.0000000E+00   6.8252025E+05   3.8310360E+05   1.2276666E+04   1.1829460E+05  -8.1915570E+04   7.5246255E+05
          7.9200000E+02    2.7021365E+06   0.0000000E+00   6.2447402E+05   3.7127622E+05   1.8094806E+04   1.4257427E+05  -1.0225207E+05   7.0880886E+05
          7.9300000E+02    2.5349868E+06   0.0000000E+00   5.7064354E+05   3.5926899E+05   2.3958059E+04   1.5636780E+05  -1.1607364E+05   6.6290626E+05
          7.9400000E+02    2.5645680E+06   0.0000000E+00   6.5044774E+05   3.5896335E+05   2.1198500E+04   1.6804428E+05  -5.7651641E+04   6.8707707E+05
          7.9500000E+02    2.7331045E+06   0.0000000E+00   7.6050041E+05   3.6101894E+05   2.9909567E+04   2.1230048E+05   1.4358176E+04   7.1638828E+05
          7.9600000E+02    5.6843535E+06   0.0000000E+00   2.3369327E+06   4.5940427E+05   3.4005050E+04   2.6618172E+05   1.0438779E+06   1.2592216E+06
          7.9700000E+02    3.7636712E+06   0.0000000E+00   8.8505221E+05   4.6107354E+05   2.6021638E+04   1.3131800E+05   2.0970189E+04   8.3982340E+05
          7.9800000E+02    4.7451365E+06   0.0000000E+00   1.3951062E+06   4.8723959E+05   3.0676185E+04   2.5276138E+05   3.7420667E+05   9.9030473E+05
          7.9900000E+02    1.0565007E+07   0.0000000E+00   3.8373292E+06   6.6531867E+05   2.8522006E+04   2.3401720E+05   1.9177985E+06   1.8913437E+06
          8.0000000E+02    8.0608500E+06   0.0000000E+00   1.8993060E+06   6.8730394E+05   3.3880865E+04   2.5346609E+05   4.7173496E+05   1.3937808E+06
          8.0100000E+02    6.9570455E+06   0.0000000E+00   1.2923472E+06   6.8085625E+05   3.4066527E+04   1.6257325E+05   4.7880168E+04   1.2110811E+06
          8.0200000E+02    6.4102080E+06   0.0000000E+00   1.0985440E+06   6.6379220E+05   3.4370286E+04   2.0362292E+05  -9.9658039E+04   1.1644354E+06
          8.0300000E+02    5.8634770E+06   0.0000000E+00   9.3133250E+05   6.4822523E+05   2.6813101E+04   1.6773788E+05  -1.7805097E+05   1.0833727E+06
          8.0400000E+02    7.1711595E+06   0.0000000E+00   1.5193631E+06   6.8946972E+05   2.6537926E+04   2.2072262E+05   2.5426661E+05   1.2390403E+06
          8.0500000E+02    1.0909516E+07   0.0000000E+00   2.9439370E+06   7.9415772E+05   2.5952899E+04   1.9919417E+05   1.3284493E+06   1.5897968E+06
          8.0600000E+02    9.2147260E+06   0.0000000E+00   1.7964400E+06   8.1669463E+05   1.7966122E+04   1.0524265E+05   3.8172234E+05   1.3979457E+06
          8.0700000E+02    1.2860664E+07   0.0000000E+00   3.1697295E+06   9.0733659E+05   2.1526730E+04   1.7893267E+05   1.3445603E+06   1.8040135E+06
          8.0800000E+02    1.8413402E+07   0.0000000E+00   5.0521017E+06   1.0462877E+06   1.9911979E+04   1.7521131E+05   2.5922136E+06   2.4406734E+06
          8.0900000E+02    3.9981868E+07   0.0000000E+00   1.2823513E+07   1.5196373E+06   2.8554130E+04   2.2554848E+05   7.6025284E+06   5.1950296E+06
          8.1000000E+02    3.8073404E+07   0.0000000E+00   9.0779408E+06   1.7559756E+06   2.3498525E+04   2.1154169E+05   4.3132305E+06   4.7402287E+06
          8.1100000E+02    3.2779180E+07   0.0000000E+00   5.6706584E+06   1.6909716E+06   1.8270750E+04   1.4246492E+05   1.2696439E+06   4.3828116E+06
          8.1200000E+02    3.8078920E+07   0.0000000E+00   7.9132891E+06   1.7894750E+06   2.6315453E+04   2.1090478E+05   3.2427560E+06   4.6450058E+06
          8.1300000E+02    3.2328640E+07   0.0000000E+00   4.6422772E+06   1.8107658E+06   2.1255656E+04   1.2121170E+05   3.1925930E+05   4.3037492E+06
          8.1400000E+02    3.0435490E+07   0.0000000E+00   3.9041567E+06   1.8230615E+06   1.9679652E+04   1.4952578E+05  -2.0489185E+05   4.0900926E+06
          8.1500000E+02    2.8725252E+07   0.0000000E+00   3.3950875E+06   1.8237699E+06   2.2693063E+04   1.7243473E+05  -5.1525073E+05   3.8880032E+06
          8.1600000E+02    4.3476192E+07   0.0000000E+00   9.7903672E+06   2.0255406E+06   2.0163644E+04   1.8355347E+05   4.8516675E+06   4.9192625E+06
          8.1700000E+02    3.6686332E+07   0.0000000E+00   5.4100894E+06   2.0342864E+06   2.1182784E+04   1.1714130E+05   7.0185925E+05   4.6879995E+06
          8.1800000E+02    3.4515716E+07   0.0000000E+00   4.4294970E+06   2.0506191E+06   2.2363082E+04   1.4920950E+05  -1.5642560E+05   4.5634921E+06
          8.1900000E+02    6.5913212E+07   0.0000000E+00   1.9558772E+07   2.6387417E+06   2.1960837E+04   1.7641517E+05   1.1836678E+07   7.7019612E+06
          8.2000000E+02    5.5233476E+07   0.0000000E+00   1.1313893E+07   2.5800923E+06   1.3498925E+04   7.7092469E+04   3.4990140E+06   7.8006991E+06
          8.2100000E+02    5.0371952E+07   0.0000000E+00   8.4963768E+06   2.5753968E+06   1.4372046E+04   8.9602344E+04   8.6464010E+05   7.6164259E+06
          8.2200000E+02    5.2400516E+07   0.0000000E+00   9.4961130E+06   2.6422691E+06   1.5325815E+04   1.3988133E+05   1.9827201E+06   7.4979951E+06
          8.2300000E+02    5.6513672E+07   0.0000000E+00   1.1153658E+07   2.7500106E+06   1.0610457E+04   9.2178242E+04   3.4096881E+06   7.7334431E+06
          8.2400000E+02    5.6022848E+07   0.0000000E+00   1.0179423E+07   2.8031791E+06   1.0788438E+04   9.1662938E+04   2.1661737E+06   8.0016023E+06
          8.2500000E+02    4.9469188E+07   0.0000000E+00   6.5908370E+06   2.8128442E+06   1.5472633E+04   1.0265782E+05  -1.1355110E+06   7.7115931E+06
          8.2600000E+02    4.6399496E+07   0.0000000E+00   5.6176355E+06   2.8310261E+06   1.5304539E+04   1.3811427E+05  -1.6918047E+06   7.2948297E+06
          8.2700000E+02    4.3731848E+07   0.0000000E+00   4.9597659E+06   2.8180304E+06   1.4355606E+04   1.7290528E+05  -1.8489724E+06   6.7950242E+06
          8.2800000E+02    4.2517904E+07   0.0000000E+00   4.9664166E+06   2.8319924E+06   6.1978719E+03   1.0130402E+05  -1.3185622E+06   6.2794150E+06
          8.2900000E+02    3.9599540E+07   0.0000000E+00   4.1526239E+06   2.8125277E+06   1.1984992E+04   8.7365289E+04  -1.7509438E+06   5.8925184E+06
          8.3000000E+02    3.7784940E+07   0.0000000E+00   3.8538057E+06   2.7819032E+06   1.2491554E+04   1.1582223E+05  -1.7709737E+06   5.6132482E+06
          8.3100000E+02    3.6024064E+07   0.0000000E+00   3.5755000E+06   2.7508617E+06   1.0877149E+04   9.6579906E+04  -1.6670929E+06   5.2327767E+06
          8.3200000E+02    3.4540092E+07   0.0000000E+00   3.4012347E+06   2.7091393E+06   1.5411445E+04   1.3543591E+05  -1.5642089E+06   4.9511632E+06
          8.3300000E+02    3.6571144E+07   0.0000000E+00   4.4026178E+06   2.7650108E+06   7.7852505E+03   8.9324281E+04  -4.6399199E+05   4.8597351E+06
          8.3400000E+02    3.3238098E+07   0.0000000E+00   3.2310505E+06   2.7074354E+06   2.0647716E+04   1.3140588E+05  -1.3592191E+06   4.5734175E+06
          8.3500000E+02    3.7481468E+07   0.0000000E+00   5.3529416E+06   2.7148530E+06   2.8276090E+04   2.6639528E+05   6.1963572E+05   4.7057490E+06
          8.3600000E+02    3.2181548E+07   0.0000000E+00   3.0871726E+06   2.6445886E+06   2.8867229E+04   1.7399123E+05  -1.3941479E+06   4.4632343E+06
          8.3700000E+02    3.0528198E+07   0.0000000E+00   2.9302271E+06   2.5869351E+06   2.9377134E+04   2.0194341E+05  -1.2969708E+06   4.2001007E+06
          8.3800000E+02    2.8707438E+07   0.0000000E+00   2.7414564E+06   2.5353020E+06   2.6005850E+04   1.7221677E+05  -1.2881897E+06   4.0042652E+06
          8.3900000E+02    2.7006066E+07   0.0000000E+00   2.5950887E+06   2.4830785E+06   3.0869441E+04   1.7307717E+05  -1.2960464E+06   3.8608373E+06
          8.4000000E+02    2.5290304E+07   0.0000000E+00   2.4436494E+06   2.4294337E+06   2.9094338E+04   1.6335481E+05  -1.2553049E+06   3.6705300E+06
          8.4100000E+02    2.3824364E+07   0.0000000E+00   2.3300659E+06   2.3689866E+06   2.6257407E+04   1.4422475E+05  -1.1895739E+06   3.4941158E+06
          8.4200000E+02    2.2354932E+07   0.0000000E+00   2.2157700E+06   2.3035872E+06   2.2306085E+04   1.3635247E+05  -1.0772263E+06   3.2713892E+06
          8.4300000E+02    2.0961428E+07   0.0000000E+00   2.1095995E+06   2.2374444E+06   2.6985901E+04   1.3095527E+05  -1.0625037E+06   3.1458399E+06
          8.4400000E+02    1.9580220E+07   0.0000000E+00   1.9909149E+06   2.1623255E+06   2.8830066E+04   1.3755564E+05  -1.0034659E+06   2.9662780E+06
          8.4500000E+02    1.8147704E+07   0.0000000E+00   1.8532734E+06   2.0770163E+06   2.6120216E+04   1.3686681E+05  -9.7566889E+05   2.8035914E+06
          8.4600000E+02    1.6860684E+07   0.0000000E+00   1.7340491E+06   1.9841731E+06   2.7682127E+04   1.2712516E+05  -9.0795372E+05   2.6150887E+06
          8.4700000E+02    1.5680822E+07   0.0000000E+00   1.6103768E+06   1.8964748E+06   2.6952031E+04   1.3239836E+05  -8.5981276E+05   2.4440081E+06
          8.4800000E+02    1.4545583E+07   0.0000000E+00   1.4947838E+06   1.8086708E+06   2.0034734E+04   9.5228859E+04  -8.2572459E+05   2.3012598E+06
          8.4900000E+02    1.3649116E+07   0.0000000E+00   1.4042138E+06   1.7295263E+06   2.3355711E+04   9.8848219E+04  -7.9015419E+05   2.1718111E+06
          8.5000000E+02    1.2759505E+07   0.0000000E+00   1.3163256E+06   1.6598857E+06   2.5287393E+04   9.2946797E+04  -7.7823041E+05   2.0700712E+06
          8.5100000E+02    2.0916376E+07   0.0000000E+00   3.4366538E+06   1.9645360E+06   2.9991104E+04   2.5948647E+05   5.1842105E+05   2.8889633E+06
          8.5200000E+02    2.3235982E+07   0.0000000E+00   3.7090450E+06   2.0775376E+06   2.2430169E+04   1.6980166E+05   8.5236702E+05   2.8347408E+06
          8.5300000E+02    1.9333870E+07   0.0000000E+00   2.2807922E+06   1.9582266E+06   2.7929694E+04   1.4534923E+05  -2.4192982E+05   2.4968991E+06
          8.5400000E+02    1.8311858E+07   0.0000000E+00   2.0511618E+06   1.9146004E+06   2.9171253E+04   1.4336003E+05  -4.7294960E+05   2.4956670E+06
          8.5500000E+02    1.7249366E+07   0.0000000E+00   1.8776979E+06   1.8611275E+06   2.1809452E+04   1.1362516E+05  -4.9872432E+05   2.3552407E+06
          8.5600000E+02    1.6199839E+07   0.0000000E+00   1.7531470E+06   1.8004802E+06   2.3807215E+04   1.1300975E+05  -5.3773735E+05   2.2677542E+06
          8.5700000E+02    1.5093246E+07   0.0000000E+00   1.6233419E+06   1.7211680E+06   3.1576106E+04   1.2720162E+05  -5.7117653E+05   2.1636882E+06
          8.5800000E+02    1.3887017E+07   0.0000000E+00   1.4903354E+06   1.6560953E+06   4.2586521E+04   1.4065358E+05  -6.2792519E+05   2.0765264E+06
          8.5900000E+02    1.2553588E+07   0.0000000E+00   1.3352684E+06   1.5766803E+06   3.1545214E+04   1.1433403E+05  -6.8813223E+05   1.9927733E+06
          8.6000000E+02    1.1636806E+07   0.0000000E+00   1.2403450E+06   1.5033062E+06   3.3927869E+04   1.3012998E+05  -6.1989076E+05   1.8272015E+06
          8.6100000E+02    1.0760194E+07   0.0000000E+00   1.1320486E+06   1.4403165E+06   2.2378557E+04   9.8915086E+04  -6.1216816E+05   1.7227423E+06
          8.6200000E+02    1.0202484E+07   0.0000000E+00   1.0796387E+06   1.3878138E+06   1.8386120E+04   9.4273195E+04  -5.8427098E+05   1.6464116E+06
          8.6300000E+02    9.6378800E+06   0.0000000E+00   1.0229759E+06   1.3311986E+06   1.9007248E+04   9.9182539E+04  -5.4098209E+05   1.5458300E+06
          8.6400000E+02    8.9952670E+06   0.0000000E+00   9.5810222E+05   1.2850995E+06   1.8316882E+04   8.2159492E+04  -5.8788237E+05   1.5285477E+06
          8.6500000E+02    8.4006510E+06   0.0000000E+00   9.0057542E+05   1.2249384E+06   2.4071396E+04   8.6062633E+04  -5.6319154E+05   1.4405715E+06
          8.6600000E+02    7.7802340E+06   0.0000000E+00   8.3349187E+05   1.1712114E+06   2.3018324E+04   9.4607258E+04  -5.1566119E+05   1.3270199E+06
          8.6700000E+02    7.9687575E+06   0.0000000E+00   1.0906690E+06   1.1437184E+06   2.3341305E+04   1.6224427E+05  -3.3474532E+05   1.4029326E+06
          8.6800000E+02    2.6001170E+07   0.0000000E+00   6.0614496E+06   1.7928942E+06   2.6607889E+04   2.5931156E+05   2.9922181E+06   3.0438430E+06
          8.6900000E+02    3.0468070E+07   0.0000000E+00   6.3688205E+06   2.0091927E+06   2.3630399E+04   1.4113069E+05   3.4733816E+06   2.8719561E+06
          8.7000000E+02    5.7205164E+07   0.0000000E+00   1.6107551E+07   2.4077654E+06   1.1909038E+04   9.9826016E+04   1.1017518E+07   5.0787448E+06
          8.7100000E+02    7.4884712E+07   0.0000000E+00   2.2332456E+07   2.7527561E+06   8.6408603E+03   8.1772883E+04   1.4107513E+07   8.2167507E+06
          8.7200000E+02    7.1906384E+07   0.0000000E+00   1.7906014E+07   2.7306215E+06   8.5476206E+03   7.8663367E+04   8.5420663E+06   9.3534125E+06
          8.7300000E+02    6.2375268E+07   0.0000000E+00   1.1533995E+07   2.7542304E+06   2.4175015E+04   1.4151367E+05   2.0475514E+06   9.4615307E+06
          8.7400000E+02    5.6495424E+07   0.0000000E+00   8.8387858E+06   2.7908041E+06   2.5693320E+04   1.9839581E+05   3.3018978E+03   8.8100617E+06
          8.7500000E+02    5.1964448E+07   0.0000000E+00   7.1524451E+06   2.8001037E+06   2.9529554E+04   2.3680967E+05  -1.0218391E+06   8.1449856E+06
          8.7600000E+02    4.8315068E+07   0.0000000E+00   6.0335587E+06   2.8076868E+06   3.3034808E+04   2.3962228E+05  -1.5173013E+06   7.5184632E+06
